[goldenblatt.bold-themes.com/main-demo/home/home-02/index.html]
[backblue.gif]
[fade.gif]
[index.html]
[goldenblatt.bold-themes.com/main-demo/wp-includes/css/dist/block-library/style.minf049.css]
[goldenblatt.bold-themes.com/main-demo/wp-content/plugins/woocommerce/packages/woocommerce-blocks/build/wc-blocks-vendors-style9e2d.css]
[goldenblatt.bold-themes.com/main-demo/wp-content/plugins/woocommerce/packages/woocommerce-blocks/build/wc-blocks-style9e2d.css]
[goldenblatt.bold-themes.com/main-demo/wp-content/plugins/bold-page-builder/slick/slick4189.css]
[goldenblatt.bold-themes.com/main-demo/wp-content/plugins/bt_cost_calculator/style.minf049.css]
[goldenblatt.bold-themes.com/main-demo/wp-content/plugins/contact-form-7/includes/css/styles04dd.css]
[goldenblatt.bold-themes.com/main-demo/wp-content/plugins/bold-page-builder/css/front_end/content_elements.crush4189.css]
[goldenblatt.bold-themes.com/main-demo/wp-content/themes/goldenblatt/printf049.css]
[goldenblatt.bold-themes.com/main-demo/wp-content/themes/goldenblatt/stylef049.css]
[goldenblatt.bold-themes.com/main-demo/wp-content/themes/goldenblatt/ipadf049.css]
[goldenblatt.bold-themes.com/main-demo/wp-content/themes/goldenblatt/framework/css/stylef049.css]
[goldenblatt.bold-themes.com/main-demo/wp-includes/js/jquery/jquery.minaf6c.js]
[goldenblatt.bold-themes.com/main-demo/wp-includes/js/jquery/jquery-migrate.mind617.js]
[goldenblatt.bold-themes.com/main-demo/wp-content/plugins/bold-page-builder/slick/slick.min4189.js]
[goldenblatt.bold-themes.com/main-demo/wp-content/plugins/bold-page-builder/content_elements_misc/js/jquery.magnific-popup.min4189.js]
[goldenblatt.bold-themes.com/main-demo/wp-content/plugins/bold-page-builder/content_elements_misc/js/content_elements4189.js]
[goldenblatt.bold-themes.com/main-demo/wp-content/plugins/bt_cost_calculator/jquery.ddf049.js]
[goldenblatt.bold-themes.com/main-demo/wp-content/plugins/bt_cost_calculator/cc.mainf049.js]
[goldenblatt.bold-themes.com/main-demo/wp-content/uploads/sites/2/2019/10/cropped-Favicon-1-32x32.png]
[goldenblatt.bold-themes.com/main-demo/wp-content/uploads/sites/2/2019/10/cropped-Favicon-1-192x192.png]
[goldenblatt.bold-themes.com/main-demo/wp-content/uploads/sites/2/2019/10/cropped-Favicon-1-180x180.png]
[goldenblatt.bold-themes.com/main-demo/wp-content/uploads/sites/2/2019/10/logo_white_02.png]
[goldenblatt.bold-themes.com/main-demo/wp-content/uploads/sites/2/2019/10/logo_black_02.png]
[goldenblatt.bold-themes.com/main-demo/home/home-02/https_/goldenblatt.bold-themes.com/main-demo/wp-content/uploads/sites/2/2019/10/hero_home_02.jpg]
[goldenblatt.bold-themes.com/main-demo/home/home-02/https_/goldenblatt.bold-themes.com/main-demo/wp-content/uploads/sites/2/2019/10/inner_hero_03.jpg]
[goldenblatt.bold-themes.com/main-demo/wp-content/uploads/sites/2/2019/10/inner_card_01.jpg]
[goldenblatt.bold-themes.com/main-demo/wp-content/uploads/sites/2/2019/10/inner_card_02.jpg]
[goldenblatt.bold-themes.com/main-demo/wp-content/uploads/sites/2/2019/10/inner_card_03.jpg]
[goldenblatt.bold-themes.com/main-demo/home/home-02/https_/goldenblatt.bold-themes.com/main-demo/wp-content/uploads/sites/2/2019/10/inner_hero_04.jpg]
[goldenblatt.bold-themes.com/main-demo/wp-content/uploads/sites/2/2019/02/testimonials_01.jpg]
[goldenblatt.bold-themes.com/main-demo/home/home-02/https_/goldenblatt.bold-themes.com/main-demo/wp-content/uploads/sites/2/2019/10/inner_hero_05.jpg]
[goldenblatt.bold-themes.com/main-demo/wp-content/uploads/sites/2/2019/02/team_01.jpg]
[goldenblatt.bold-themes.com/main-demo/wp-content/uploads/sites/2/2019/02/team_02.jpg]
[goldenblatt.bold-themes.com/main-demo/wp-content/uploads/sites/2/2019/02/team_03.jpg]
[goldenblatt.bold-themes.com/main-demo/wp-content/uploads/sites/2/2019/02/team_04.jpg]
[goldenblatt.bold-themes.com/main-demo/home/home-02/https_/goldenblatt.bold-themes.com/main-demo/wp-content/uploads/sites/2/2019/10/inner_hero_06.jpg]
[goldenblatt.bold-themes.com/main-demo/wp-content/uploads/sites/2/2019/10/client-logo-white-01.png]
[goldenblatt.bold-themes.com/main-demo/wp-content/uploads/sites/2/2019/10/client-logo-white-02.png]
[goldenblatt.bold-themes.com/main-demo/wp-content/uploads/sites/2/2019/10/client-logo-white-03.png]
[goldenblatt.bold-themes.com/main-demo/wp-content/uploads/sites/2/2019/10/client-logo-white-04.png]
[goldenblatt.bold-themes.com/main-demo/wp-content/uploads/sites/2/2019/10/client-logo-white-05.png]
[goldenblatt.bold-themes.com/main-demo/wp-content/uploads/sites/2/2019/10/client-logo-white-06.png]
[goldenblatt.bold-themes.com/main-demo/wp-content/uploads/sites/2/2019/10/client-logo-white-07.png]
[goldenblatt.bold-themes.com/main-demo/wp-content/uploads/sites/2/2019/10/pin_blue.png]
[goldenblatt.bold-themes.com/main-demo/home/home-02/https_/goldenblatt.bold-themes.com/main-demo/wp-content/plugins/bold-page-builder/img/blank.gif]
[goldenblatt.bold-themes.com/main-demo/wp-content/uploads/sites/2/2019/10/logo_white_small_02.png]
[www.google.com/recaptcha/api6c4a.js]
[goldenblatt.bold-themes.com/main-demo/wp-includes/js/dist/vendor/regenerator-runtime.min3937.js]
[goldenblatt.bold-themes.com/main-demo/wp-includes/js/dist/vendor/wp-polyfill.min2c7c.js]
[goldenblatt.bold-themes.com/main-demo/wp-content/plugins/contact-form-7/includes/js/index04dd.js]
[goldenblatt.bold-themes.com/main-demo/wp-content/plugins/woocommerce/assets/js/jquery-blockui/jquery.blockUI.min7a64.js]
[goldenblatt.bold-themes.com/main-demo/wp-content/plugins/woocommerce/assets/js/frontend/add-to-cart.mind3c7.js]
[goldenblatt.bold-themes.com/main-demo/wp-content/plugins/woocommerce/assets/js/js-cookie/js.cookie.minc48d.js]
[goldenblatt.bold-themes.com/main-demo/wp-content/plugins/woocommerce/assets/js/frontend/woocommerce.mind3c7.js]
[goldenblatt.bold-themes.com/main-demo/wp-content/plugins/woocommerce/assets/js/frontend/cart-fragments.mind3c7.js]
[goldenblatt.bold-themes.com/main-demo/wp-content/plugins/duracelltomi-google-tag-manager/js/gtm4wp-form-move-tracker24fc.js]
[goldenblatt.bold-themes.com/main-demo/wp-content/themes/goldenblatt/framework/js/fancySelectf049.js]
[goldenblatt.bold-themes.com/main-demo/wp-content/themes/goldenblatt/framework/js/header.miscf049.js]
[goldenblatt.bold-themes.com/main-demo/wp-content/themes/goldenblatt/framework/js/miscf049.js]
[goldenblatt.bold-themes.com/main-demo/wp-content/themes/goldenblatt/framework/js/framework_miscf049.js]
[goldenblatt.bold-themes.com/main-demo/home/home-02/index.html]
[goldenblatt.bold-themes.com/main-demo/wp-includes/css/dist/block-library/style.minf049.css]
[goldenblatt.bold-themes.com/main-demo/wp-content/plugins/woocommerce/packages/woocommerce-blocks/build/wc-blocks-vendors-style9e2d.css]
[goldenblatt.bold-themes.com/main-demo/wp-content/plugins/woocommerce/packages/woocommerce-blocks/build/wc-blocks-style9e2d.css]
[goldenblatt.bold-themes.com/main-demo/wp-content/plugins/bold-page-builder/css/front_end/content_elements.crush4189.css]
[goldenblatt.bold-themes.com/main-demo/wp-content/plugins/bold-page-builder/slick/slick4189.css]
[goldenblatt.bold-themes.com/main-demo/wp-content/plugins/bt_cost_calculator/style.minf049.css]
[goldenblatt.bold-themes.com/main-demo/wp-content/plugins/contact-form-7/includes/css/styles04dd.css]
[goldenblatt.bold-themes.com/main-demo/wp-content/plugins/bold-page-builder/content_elements/bt_bb_section/bt_bb_elements4189.js]
[goldenblatt.bold-themes.com/main-demo/wp-content/plugins/woocommerce/assets/images/icons/credit-cards/visa.png]
[goldenblatt.bold-themes.com/main-demo/wp-content/plugins/woocommerce/assets/images/icons/credit-cards/mastercard.png]
[goldenblatt.bold-themes.com/main-demo/wp-content/plugins/woocommerce/assets/images/icons/credit-cards/laser.png]
[goldenblatt.bold-themes.com/main-demo/wp-content/plugins/woocommerce/assets/images/icons/credit-cards/diners.png]
[goldenblatt.bold-themes.com/main-demo/wp-content/plugins/woocommerce/assets/images/icons/credit-cards/maestro.png]
[goldenblatt.bold-themes.com/main-demo/wp-content/plugins/woocommerce/assets/images/icons/credit-cards/jcb.png]
[goldenblatt.bold-themes.com/main-demo/wp-content/plugins/woocommerce/assets/images/icons/credit-cards/amex.png]
[goldenblatt.bold-themes.com/main-demo/wp-content/plugins/woocommerce/assets/images/icons/credit-cards/discover.png]
[goldenblatt.bold-themes.com/main-demo/wp-content/themes/goldenblatt/stylef049.css]
[goldenblatt.bold-themes.com/main-demo/wp-content/themes/goldenblatt/printf049.css]
[goldenblatt.bold-themes.com/main-demo/wp-content/themes/goldenblatt/ipadf049.html]
[goldenblatt.bold-themes.com/main-demo/wp-content/themes/goldenblatt/framework/css/stylef049.css]
[goldenblatt.bold-themes.com/main-demo/home/home-02/https_/goldenblatt.bold-themes.com/main-demo/wp-content/uploads/sites/2/2019/10/hero_home_02.html]
[goldenblatt.bold-themes.com/main-demo/home/home-02/https_/goldenblatt.bold-themes.com/main-demo/wp-content/uploads/sites/2/2019/10/inner_hero_03.html]
[goldenblatt.bold-themes.com/main-demo/home/home-02/https_/goldenblatt.bold-themes.com/main-demo/wp-content/uploads/sites/2/2019/10/inner_hero_04.html]
[goldenblatt.bold-themes.com/main-demo/home/home-02/https_/goldenblatt.bold-themes.com/main-demo/wp-content/uploads/sites/2/2019/10/inner_hero_05.html]
[goldenblatt.bold-themes.com/main-demo/home/home-02/https_/goldenblatt.bold-themes.com/main-demo/wp-content/uploads/sites/2/2019/10/inner_hero_06.html]
[goldenblatt.bold-themes.com/main-demo/home/home-02/https_/goldenblatt.bold-themes.com/main-demo/wp-content/plugins/bold-page-builder/img/blank.html]
